AR trigger_recv_blk behavioral D:/cbradford/DoubleClock/GEL_CAPTAN/trigger_recv_blk.vhd sub00/vhpl61 1489186249
AR peakfinder behavioral D:/cbradford/DoubleClock/GEL_CAPTAN/PeakFinder.vhd sub00/vhpl69 1489186257
EN address_container NULL D:/cbradford/DoubleClock/oei/address_container.vhd sub00/vhpl02 1489186190
AR m2_1_mxilinx_top_level behavioral D:/cbradford/DoubleClock/GEL_CAPTAN/TOP_LEVEL.vhf sub00/vhpl85 1489186273
EN ethernet_controller NULL D:/cbradford/DoubleClock/oei/ethernet_controller.vhd sub00/vhpl40 1489186228
AR reset_mgr behavioral D:/cbradford/DoubleClock/oei/reset_mgr.vhd sub00/vhpl53 1489186241
EN filter_data_out NULL D:/cbradford/DoubleClock/oei/filter_data_out.vhd sub00/vhpl16 1489186204
PH params_package NULL D:/cbradford/DoubleClock/oei/params_package.vhd sub00/vhpl00 1489186188
EN ethernet_controller_wrapper NULL D:/cbradford/DoubleClock/oei/ethernet_controller_wrapper.vhd sub00/vhpl46 1489186234
AR addr_fifo addr_fifo_a D:/cbradford/DoubleClock/ipcore_dir/ADDR_FIFO.vhd sub00/vhpl31 1489186219
EN reset_mgr NULL D:/cbradford/DoubleClock/oei/reset_mgr.vhd sub00/vhpl52 1489186240
AR ram_comm_dec arch D:/cbradford/DoubleClock/oei/ram_comm_dec.vhd sub00/vhpl37 1489186225
EN ip_checksum_calc NULL D:/cbradford/DoubleClock/oei/ip_checksum_calc.vhd sub00/vhpl08 1489186196
EN fd8re_mxilinx_top_level NULL D:/cbradford/DoubleClock/GEL_CAPTAN/TOP_LEVEL.vhf sub00/vhpl80 1489186268
EN data_manager NULL D:/cbradford/DoubleClock/oei/data_manager.vhd sub00/vhpl48 1489186236
EN burst_controller_sm NULL D:/cbradford/DoubleClock/oei/burst_controller_sm.vhd sub00/vhpl32 1489186220
AR buffer_10bit behavioral D:/cbradford/DoubleClock/GEL_CAPTAN/buffer_10bit.vhd sub00/vhpl59 1489186247
EN dataout_mux NULL D:/cbradford/DoubleClock/oei/dataout_mux.vhd sub00/vhpl12 1489186200
AR burst_traffic_controller burst_traffic_controller_arch D:/cbradford/DoubleClock/oei/burst_traffic_controller.vhd sub00/vhpl51 1489186239
AR version_blk behavioral D:/cbradford/DoubleClock/GEL_CAPTAN/VERSION_BLK.vhd sub00/vhpl55 1489186243
EN data_fifo_0 NULL D:/cbradford/DoubleClock/ipcore_dir/DATA_FIFO_0.vhd sub00/vhpl26 1489186214
AR udp_data_splicer udp_data_splicer_arch D:/cbradford/DoubleClock/oei/udp_data_splicer.vhd sub00/vhpl23 1489186211
AR address_container arch D:/cbradford/DoubleClock/oei/address_container.vhd sub00/vhpl03 1489186191
AR top_level behavioral D:/cbradford/DoubleClock/GEL_CAPTAN/TOP_LEVEL.vhf sub00/vhpl89 1489186277
AR mux64_8 behavioral D:/cbradford/DoubleClock/GEL_CAPTAN/MUX64_8.vhd sub00/vhpl57 1489186245
EN or33 NULL D:/cbradford/DoubleClock/oei/or33.vhd sub00/vhpl06 1489186194
EN d4_16e_mxilinx_top_level NULL D:/cbradford/DoubleClock/GEL_CAPTAN/TOP_LEVEL.vhf sub00/vhpl86 1489186274
EN adc_fifo NULL D:/cbradford/DoubleClock/GEL_CAPTAN/ipcore_dir/ADC_FIFO.vhd sub00/vhpl78 1489186266
AR tx_seq_ctl arch D:/cbradford/DoubleClock/oei/tx_seq_ctl.vhd sub00/vhpl39 1489186227
AR ethernet_fifo ethernet_fifo_a D:/cbradford/DoubleClock/GEL_CAPTAN/ipcore_dir/ethernet_FIFO.vhd sub00/vhpl67 1489186255
AR icmp_ping_shift_reg arch D:/cbradford/DoubleClock/oei/icmp_ping_shift_reg.vhd sub00/vhpl21 1489186209
AR fd16re_mxilinx_top_level behavioral D:/cbradford/DoubleClock/GEL_CAPTAN/TOP_LEVEL.vhf sub00/vhpl83 1489186271
AR clocklatchsignals behavioral D:/cbradford/DoubleClock/GEL_CAPTAN/ClockLatchSignals.vhd sub00/vhpl77 1489186265
AR decipherer decipherer_arch D:/cbradford/DoubleClock/oei/decipherer.vhd sub00/vhpl15 1489186203
EN ram_comm_dec NULL D:/cbradford/DoubleClock/oei/ram_comm_dec.vhd sub00/vhpl36 1489186224
EN tx_seq_ctl NULL D:/cbradford/DoubleClock/oei/tx_seq_ctl.vhd sub00/vhpl38 1489186226
AR adc_fifo adc_fifo_a D:/cbradford/DoubleClock/GEL_CAPTAN/ipcore_dir/ADC_FIFO.vhd sub00/vhpl79 1489186267
AR ethernet_controller_wrapper arch D:/cbradford/DoubleClock/oei/ethernet_controller_wrapper.vhd sub00/vhpl47 1489186235
EN rx_ctl NULL D:/cbradford/DoubleClock/oei/rx_ctl.vhd sub00/vhpl34 1489186222
AR filter_data_out filter_data_out_arch D:/cbradford/DoubleClock/oei/filter_data_out.vhd sub00/vhpl17 1489186205
AR psudodata behavioral D:/cbradford/DoubleClock/GEL_CAPTAN/psudoData.vhd sub00/vhpl73 1489186261
MO crc_gen NULL ../oei/crc_gen.v vlg21/crc__gen.bin 1489186189
EN pulser NULL D:/cbradford/DoubleClock/GEL_CAPTAN/Pulser.vhd sub00/vhpl64 1489186252
AR info_fifo_0 info_fifo_0_a D:/cbradford/DoubleClock/ipcore_dir/INFO_FIFO_0.vhd sub00/vhpl29 1489186217
AR pulser behavioral D:/cbradford/DoubleClock/GEL_CAPTAN/Pulser.vhd sub00/vhpl65 1489186253
AR psudo_data_allone behavioral D:/cbradford/DoubleClock/GEL_CAPTAN/psudo_data_allOne.vhd sub00/vhpl75 1489186263
EN version_blk NULL D:/cbradford/DoubleClock/GEL_CAPTAN/VERSION_BLK.vhd sub00/vhpl54 1489186242
AR data_send behavioral D:/cbradford/DoubleClock/GEL_CAPTAN/data_send.vhd sub00/vhpl71 1489186259
AR rx_ctl arch D:/cbradford/DoubleClock/oei/rx_ctl.vhd sub00/vhpl35 1489186223
EN peakfinder NULL D:/cbradford/DoubleClock/GEL_CAPTAN/PeakFinder.vhd sub00/vhpl68 1489186256
AR data_fifo_0 data_fifo_0_a D:/cbradford/DoubleClock/ipcore_dir/DATA_FIFO_0.vhd sub00/vhpl27 1489186215
AR ip_checksum_calc arch D:/cbradford/DoubleClock/oei/ip_checksum_calc.vhd sub00/vhpl09 1489186197
EN create_packet NULL D:/cbradford/DoubleClock/oei/create_packet.vhd sub00/vhpl10 1489186198
AR burst_controller_sm burst_controller_sm_arch D:/cbradford/DoubleClock/oei/burst_controller_sm.vhd sub00/vhpl33 1489186221
AR crc_splice arch D:/cbradford/DoubleClock/oei/crc_splice.vhd sub00/vhpl45 1489186233
AR d4_16e_mxilinx_top_level behavioral D:/cbradford/DoubleClock/GEL_CAPTAN/TOP_LEVEL.vhf sub00/vhpl87 1489186275
AR fd8re_mxilinx_top_level behavioral D:/cbradford/DoubleClock/GEL_CAPTAN/TOP_LEVEL.vhf sub00/vhpl81 1489186269
EN icmp_ping_shift_reg NULL D:/cbradford/DoubleClock/oei/icmp_ping_shift_reg.vhd sub00/vhpl20 1489186208
EN ethernet_fifo NULL D:/cbradford/DoubleClock/GEL_CAPTAN/ipcore_dir/ethernet_FIFO.vhd sub00/vhpl66 1489186254
AR ethernet_controller arch D:/cbradford/DoubleClock/oei/ethernet_controller.vhd sub00/vhpl41 1489186229
EN data_send NULL D:/cbradford/DoubleClock/GEL_CAPTAN/data_send.vhd sub00/vhpl70 1489186258
EN psudo_data_allone NULL D:/cbradford/DoubleClock/GEL_CAPTAN/psudo_data_allOne.vhd sub00/vhpl74 1489186262
EN icmp_ping_checksum_calc NULL D:/cbradford/DoubleClock/oei/icmp_ping_checksum_calc.vhd sub00/vhpl18 1489186206
AR icmp_ping_checksum_calc icmp_ping_checksum_calc_arch D:/cbradford/DoubleClock/oei/icmp_ping_checksum_calc.vhd sub00/vhpl19 1489186207
AR user_addrs_mux user_addrs_mux_arch D:/cbradford/DoubleClock/oei/user_addrs_mux.vhd sub00/vhpl25 1489186213
EN m2_1_mxilinx_top_level NULL D:/cbradford/DoubleClock/GEL_CAPTAN/TOP_LEVEL.vhf sub00/vhpl84 1489186272
EN psudodata NULL D:/cbradford/DoubleClock/GEL_CAPTAN/psudoData.vhd sub00/vhpl72 1489186260
EN buffer_10bit NULL D:/cbradford/DoubleClock/GEL_CAPTAN/buffer_10bit.vhd sub00/vhpl58 1489186246
AR create_packet create_packet_arch D:/cbradford/DoubleClock/oei/create_packet.vhd sub00/vhpl11 1489186199
EN burst_traffic_controller NULL D:/cbradford/DoubleClock/oei/burst_traffic_controller.vhd sub00/vhpl50 1489186238
AR or33 or33_arch D:/cbradford/DoubleClock/oei/or33.vhd sub00/vhpl07 1489186195
AR arp_reply arp_reply_arch D:/cbradford/DoubleClock/oei/arp_reply.vhd sub00/vhpl05 1489186193
EN user_addrs_mux NULL D:/cbradford/DoubleClock/oei/user_addrs_mux.vhd sub00/vhpl24 1489186212
EN trigger_recv_blk NULL D:/cbradford/DoubleClock/GEL_CAPTAN/trigger_recv_blk.vhd sub00/vhpl60 1489186248
EN mii_100_1000_handler NULL D:/cbradford/DoubleClock/oei/xmii_handler.vhd sub00/vhpl42 1489186230
EN crc_splice NULL D:/cbradford/DoubleClock/oei/crc_splice.vhd sub00/vhpl44 1489186232
AR ethernet_interface behavioral D:/cbradford/DoubleClock/oei/ethernet_interface.vhd sub00/vhpl63 1489186251
EN ethernet_interface NULL D:/cbradford/DoubleClock/oei/ethernet_interface.vhd sub00/vhpl62 1489186250
EN fd16re_mxilinx_top_level NULL D:/cbradford/DoubleClock/GEL_CAPTAN/TOP_LEVEL.vhf sub00/vhpl82 1489186270
EN udp_data_splicer NULL D:/cbradford/DoubleClock/oei/udp_data_splicer.vhd sub00/vhpl22 1489186210
AR dataout_mux dataout_mux_arch D:/cbradford/DoubleClock/oei/dataout_mux.vhd sub00/vhpl13 1489186201
AR data_manager behavioral D:/cbradford/DoubleClock/oei/data_manager.vhd sub00/vhpl49 1489186237
EN info_fifo_0 NULL D:/cbradford/DoubleClock/ipcore_dir/INFO_FIFO_0.vhd sub00/vhpl28 1489186216
EN arp_reply NULL D:/cbradford/DoubleClock/oei/arp_reply.vhd sub00/vhpl04 1489186192
MO crc_chk NULL ../oei/crc_chk.v vlg49/crc__chk.bin 1489186189
AR mii_100_1000_handler arch D:/cbradford/DoubleClock/oei/xmii_handler.vhd sub00/vhpl43 1489186231
PB params_package params_package D:/cbradford/DoubleClock/oei/params_package.vhd sub00/vhpl01 1489186189
EN mux64_8 NULL D:/cbradford/DoubleClock/GEL_CAPTAN/MUX64_8.vhd sub00/vhpl56 1489186244
EN top_level NULL D:/cbradford/DoubleClock/GEL_CAPTAN/TOP_LEVEL.vhf sub00/vhpl88 1489186276
EN decipherer NULL D:/cbradford/DoubleClock/oei/decipherer.vhd sub00/vhpl14 1489186202
EN addr_fifo NULL D:/cbradford/DoubleClock/ipcore_dir/ADDR_FIFO.vhd sub00/vhpl30 1489186218
EN clocklatchsignals NULL D:/cbradford/DoubleClock/GEL_CAPTAN/ClockLatchSignals.vhd sub00/vhpl76 1489186264
