Release 14.7 Map P.20131013 (nt64)
Xilinx Map Application Log File for Design 'TOP_LEVEL'

Design Information
------------------
Command Line   : map -intstyle ise -p xc4vlx25-ff668-10 -timing -logic_opt on
-ol std -t 1 -register_duplication off -global_opt off -ir off -pr off -u -power
off -o TOP_LEVEL_map.ncd TOP_LEVEL.ngd TOP_LEVEL.pcf 
Target Device  : xc4vlx25
Target Package : ff668
Target Speed   : -10
Mapper Version : virtex4 -- $Revision: 1.55 $
Mapped Date    : Fri Mar 10 17:01:39 2017

Mapping design into LUTs...
WARNING:LIT:176 - Clock buffer is designated to drive clock loads. BUFG symbol
   "XLXI_5952" (output signal=CLK_187_5) has a mix of clock and non-clock loads.
   The non-clock loads are:
   Pin I1 of XLXI_6004/I_36_8
WARNING:LIT:176 - Clock buffer is designated to drive clock loads. BUFG symbol
   "XLXI_5993" (output signal=CLK_375) has a mix of clock and non-clock loads.
   The non-clock loads are:
   Pin I2 of XLXI_6004/I_36_8
Running directed packing...
Running delay-based LUT packing...
Updating timing models...
Running timing-driven placement...
Total REAL time at the beginning of Placer: 17 secs 
Total CPU  time at the beginning of Placer: 14 secs 

Phase 1.1  Initial Placement Analysis
Phase 1.1  Initial Placement Analysis (Checksum:677136f4) REAL time: 19 secs 

Phase 2.7  Design Feasibility Check
Phase 2.7  Design Feasibility Check (Checksum:677136f4) REAL time: 19 secs 

Phase 3.31  Local Placement Optimization
Phase 3.31  Local Placement Optimization (Checksum:7378f73e) REAL time: 19 secs 

Phase 4.2  Initial Clock and IO Placement

Phase 4.2  Initial Clock and IO Placement (Checksum:8a0510d) REAL time: 19 secs 

Phase 5.36  Local Placement Optimization
Phase 5.36  Local Placement Optimization (Checksum:8a0510d) REAL time: 19 secs 

...........................
................................................................
Phase 6.30  Global Clock Region Assignment


######################################################################################
# GLOBAL CLOCK NET DISTRIBUTION UCF REPORT:
#
# Number of Global Clock Regions : 12
# Number of Global Clock Networks: 11
#
# Clock Region Assignment: SUCCESSFUL

# Location of Clock Components
INST "U_icon_pro/U0/U_ICON/I_YES_BSCAN.U_BS/I_USE_SOFTBSCAN_EQ0.I_USE_XST_TCK_WORKAROUND_EQ1.U_ICON_BSCAN_BUFG/U_BUFG" LOC = "BUFGCTRL_X0Y27" ;
INST "XLXI_3411" LOC = "BUFGCTRL_X0Y2" ;
INST "XLXI_6200" LOC = "BUFGCTRL_X0Y5" ;
INST "XLXI_6040" LOC = "BUFGCTRL_X0Y28" ;
INST "XLXI_4529" LOC = "BUFGCTRL_X0Y1" ;
INST "XLXI_5950" LOC = "BUFGCTRL_X0Y3" ;
INST "XLXI_5952" LOC = "BUFGCTRL_X0Y4" ;
INST "XLXI_5954" LOC = "BUFGCTRL_X0Y30" ;
INST "XLXI_5964" LOC = "BUFGCTRL_X0Y29" ;
INST "XLXI_5993" LOC = "BUFGCTRL_X0Y31" ;
INST "MASTER_CLK_BUFG" LOC = "BUFGCTRL_X0Y0" ;
INST "XIL_ML_UNUSED_DCM_1" LOC = "DCM_ADV_X0Y4" ;
INST "XIL_ML_UNUSED_DCM_2" LOC = "DCM_ADV_X0Y3" ;
INST "XIL_ML_UNUSED_DCM_3" LOC = "DCM_ADV_X0Y5" ;
INST "XLXI_3410" LOC = "DCM_ADV_X0Y0" ;
INST "XLXI_6199" LOC = "DCM_ADV_X0Y2" ;
INST "XLXI_5953" LOC = "DCM_ADV_X0Y7" ;
INST "XLXI_5963" LOC = "DCM_ADV_X0Y6" ;
INST "XLXI_5949" LOC = "DCM_ADV_X0Y1" ;
INST "GEL_RXCLK" LOC = "AD12" ;
INST "BUSBHS_02DP_04S" LOC = "AE14" ;

# icon_control0<0> driven by BUFGCTRL_X0Y27
NET "icon_control0<0>" TNM_NET = "TN_icon_control0<0>" ;
TIMEGRP "TN_icon_control0<0>" AREA_GROUP = "CLKAG_icon_control0<0>" ;
AREA_GROUP "CLKAG_icon_control0<0>" RANGE =   CLOCKREGION_X0Y0, CLOCKREGION_X1Y0, CLOCKREGION_X0Y1, CLOCKREGION_X1Y1, CLOCKREGION_X0Y2, CLOCKREGION_X1Y2, CLOCKREGION_X0Y3, CLOCKREGION_X1Y3, CLOCKREGION_X0Y4, CLOCKREGION_X1Y4, CLOCKREGION_X0Y5, CLOCKREGION_X1Y5 ;

# XLXN_12229 driven by BUFGCTRL_X0Y2
NET "XLXN_12229" TNM_NET = "TN_XLXN_12229" ;
TIMEGRP "TN_XLXN_12229" AREA_GROUP = "CLKAG_XLXN_12229" ;
AREA_GROUP "CLKAG_XLXN_12229" RANGE =   CLOCKREGION_X0Y0, CLOCKREGION_X1Y0, CLOCKREGION_X0Y1, CLOCKREGION_X1Y1, CLOCKREGION_X0Y2, CLOCKREGION_X1Y2, CLOCKREGION_X0Y3, CLOCKREGION_X1Y3, CLOCKREGION_X0Y4, CLOCKREGION_X1Y4, CLOCKREGION_X0Y5, CLOCKREGION_X1Y5 ;

# FADC_DCLK driven by BUFGCTRL_X0Y5
NET "FADC_DCLK" TNM_NET = "TN_FADC_DCLK" ;
TIMEGRP "TN_FADC_DCLK" AREA_GROUP = "CLKAG_FADC_DCLK" ;
AREA_GROUP "CLKAG_FADC_DCLK" RANGE =   CLOCKREGION_X0Y0, CLOCKREGION_X1Y0, CLOCKREGION_X0Y1, CLOCKREGION_X1Y1, CLOCKREGION_X0Y2, CLOCKREGION_X1Y2, CLOCKREGION_X0Y3, CLOCKREGION_X1Y3, CLOCKREGION_X0Y4, CLOCKREGION_X1Y4, CLOCKREGION_X0Y5, CLOCKREGION_X1Y5 ;

# XLXN_15130 driven by BUFGCTRL_X0Y28
NET "XLXN_15130" TNM_NET = "TN_XLXN_15130" ;
TIMEGRP "TN_XLXN_15130" AREA_GROUP = "CLKAG_XLXN_15130" ;
AREA_GROUP "CLKAG_XLXN_15130" RANGE =   CLOCKREGION_X0Y0, CLOCKREGION_X1Y0, CLOCKREGION_X0Y1, CLOCKREGION_X1Y1 ;

# XLXN_15064 driven by BUFGCTRL_X0Y1
NET "XLXN_15064" TNM_NET = "TN_XLXN_15064" ;
TIMEGRP "TN_XLXN_15064" AREA_GROUP = "CLKAG_XLXN_15064" ;
AREA_GROUP "CLKAG_XLXN_15064" RANGE =   CLOCKREGION_X0Y0, CLOCKREGION_X1Y0, CLOCKREGION_X0Y1, CLOCKREGION_X1Y1, CLOCKREGION_X0Y2, CLOCKREGION_X1Y2, CLOCKREGION_X0Y3, CLOCKREGION_X1Y3, CLOCKREGION_X0Y4, CLOCKREGION_X1Y4, CLOCKREGION_X0Y5, CLOCKREGION_X1Y5 ;

# XLXN_12661 driven by BUFGCTRL_X0Y3
NET "XLXN_12661" TNM_NET = "TN_XLXN_12661" ;
TIMEGRP "TN_XLXN_12661" AREA_GROUP = "CLKAG_XLXN_12661" ;
AREA_GROUP "CLKAG_XLXN_12661" RANGE =   CLOCKREGION_X0Y0, CLOCKREGION_X1Y0, CLOCKREGION_X0Y1, CLOCKREGION_X1Y1, CLOCKREGION_X0Y2, CLOCKREGION_X1Y2, CLOCKREGION_X0Y3, CLOCKREGION_X1Y3, CLOCKREGION_X0Y4, CLOCKREGION_X1Y4 ;

# CLK_187_5 driven by BUFGCTRL_X0Y4
NET "CLK_187_5" TNM_NET = "TN_CLK_187_5" ;
TIMEGRP "TN_CLK_187_5" AREA_GROUP = "CLKAG_CLK_187_5" ;
AREA_GROUP "CLKAG_CLK_187_5" RANGE =   CLOCKREGION_X0Y0, CLOCKREGION_X1Y0, CLOCKREGION_X0Y1, CLOCKREGION_X1Y1, CLOCKREGION_X0Y2, CLOCKREGION_X1Y2, CLOCKREGION_X0Y3, CLOCKREGION_X1Y3, CLOCKREGION_X0Y4, CLOCKREGION_X1Y4, CLOCKREGION_X0Y5, CLOCKREGION_X1Y5 ;

# XLXN_12672 driven by BUFGCTRL_X0Y30
NET "XLXN_12672" TNM_NET = "TN_XLXN_12672" ;
TIMEGRP "TN_XLXN_12672" AREA_GROUP = "CLKAG_XLXN_12672" ;
AREA_GROUP "CLKAG_XLXN_12672" RANGE =   CLOCKREGION_X0Y5, CLOCKREGION_X1Y5 ;

# XLXN_12923 driven by BUFGCTRL_X0Y29
NET "XLXN_12923" TNM_NET = "TN_XLXN_12923" ;
TIMEGRP "TN_XLXN_12923" AREA_GROUP = "CLKAG_XLXN_12923" ;
AREA_GROUP "CLKAG_XLXN_12923" RANGE =   CLOCKREGION_X0Y5, CLOCKREGION_X1Y5 ;

# CLK_375 driven by BUFGCTRL_X0Y31
NET "CLK_375" TNM_NET = "TN_CLK_375" ;
TIMEGRP "TN_CLK_375" AREA_GROUP = "CLKAG_CLK_375" ;
AREA_GROUP "CLKAG_CLK_375" RANGE =   CLOCKREGION_X0Y2, CLOCKREGION_X1Y2, CLOCKREGION_X0Y3, CLOCKREGION_X1Y3, CLOCKREGION_X0Y4, CLOCKREGION_X1Y4 ;

# GTX_CLK_0_sig driven by BUFGCTRL_X0Y0
NET "GTX_CLK_0_sig" TNM_NET = "TN_GTX_CLK_0_sig" ;
TIMEGRP "TN_GTX_CLK_0_sig" AREA_GROUP = "CLKAG_GTX_CLK_0_sig" ;
AREA_GROUP "CLKAG_GTX_CLK_0_sig" RANGE =   CLOCKREGION_X0Y0, CLOCKREGION_X1Y0, CLOCKREGION_X0Y1, CLOCKREGION_X1Y1, CLOCKREGION_X0Y2, CLOCKREGION_X1Y2, CLOCKREGION_X0Y3, CLOCKREGION_X1Y3, CLOCKREGION_X0Y4, CLOCKREGION_X1Y4, CLOCKREGION_X0Y5, CLOCKREGION_X1Y5 ;

# NOTE: 
# This report is provided to help reproduce successful clock-region 
# assignments. The report provides range constraints for all global 
# clock networks, in a format that is directly usable in ucf files. 
#
#END of Global Clock Net Distribution UCF Constraints
######################################################################################


######################################################################################
GLOBAL CLOCK NET LOADS DISTRIBUTION REPORT:

Number of Global Clock Regions : 12
Number of Global Clock Networks: 11

Clock Region Assignment: SUCCESSFUL

Clock-Region: <CLOCKREGION_X0Y0> 
 key resource utilizations (used/available): global-clocks - 3/8 ;
--------+--------+--------+--------+--------+--------+--------+--------+--------+--------+--------+--------+--------+----------------------------------------
   BRAM |    DCM |   PMCD |     GT | ILOGIC | OLOGIC |   MULT |   EMAC |    PPC |   PCIE | IDLYCT | LUTRAM |     FF | <- (Types of Resources in this  Region)
   FIFO |        |        |        |        |        |        |        |        |        |        |        |        |
--------+--------+--------+--------+--------+--------+--------+--------+--------+--------+--------+--------+--------+----------------------------------------
      8 |      2 |      0 |      0 |     32 |     32 |      8 |      0 |      0 |      0 |      1 |    896 |   1792 | <- (Available Resources in this Region)
--------+--------+--------+--------+--------+--------+--------+--------+--------+--------+--------+--------+--------+----------------------------------------
        |        |        |        |        |        |        |        |        |        |        |        |        | <Global clock Net Name>
--------+--------+--------+--------+--------+--------+--------+--------+--------+--------+--------+--------+--------+----------------------------------------
      1 |      0 |      0 |      0 |      0 |      0 |      0 |      0 |      0 |      0 |      0 |     54 |    276 |GTX_CLK_0_sig
      0 |      1 |      0 |      0 |      0 |      0 |      0 |      0 |      0 |      0 |      0 |      0 |      0 |XLXN_12229
      0 |      1 |      0 |      0 |      0 |      0 |      0 |      0 |      0 |      0 |      0 |      0 |      0 |XLXN_12661
--------+--------+--------+--------+--------+--------+--------+--------+--------+--------+--------+--------+--------+----------------------------------------
      1 |      2 |      0 |      0 |      0 |      0 |      0 |      0 |      0 |      0 |      0 |     54 |    276 | Total 
--------+--------+--------+--------+--------+--------+--------+--------+--------+--------+--------+--------+--------+----------------------------------------


Clock-Region: <CLOCKREGION_X1Y0> 
 key resource utilizations (used/available): global-clocks - 1/8 ;
--------+--------+--------+--------+--------+--------+--------+--------+--------+--------+--------+--------+--------+----------------------------------------
   BRAM |    DCM |   PMCD |     GT | ILOGIC | OLOGIC |   MULT |   EMAC |    PPC |   PCIE | IDLYCT | LUTRAM |     FF | <- (Types of Resources in this  Region)
   FIFO |        |        |        |        |        |        |        |        |        |        |        |        |
--------+--------+--------+--------+--------+--------+--------+--------+--------+--------+--------+--------+--------+----------------------------------------
     16 |      0 |      0 |      0 |     32 |     32 |      0 |      0 |      0 |      0 |      1 |    896 |   1792 | <- (Available Resources in this Region)
--------+--------+--------+--------+--------+--------+--------+--------+--------+--------+--------+--------+--------+----------------------------------------
        |        |        |        |        |        |        |        |        |        |        |        |        | <Global clock Net Name>
--------+--------+--------+--------+--------+--------+--------+--------+--------+--------+--------+--------+--------+----------------------------------------
      3 |      0 |      0 |      0 |      0 |      0 |      0 |      0 |      0 |      0 |      0 |     48 |    382 |GTX_CLK_0_sig
--------+--------+--------+--------+--------+--------+--------+--------+--------+--------+--------+--------+--------+----------------------------------------
      3 |      0 |      0 |      0 |      0 |      0 |      0 |      0 |      0 |      0 |      0 |     48 |    382 | Total 
--------+--------+--------+--------+--------+--------+--------+--------+--------+--------+--------+--------+--------+----------------------------------------


Clock-Region: <CLOCKREGION_X0Y1> 
 key resource utilizations (used/available): global-clocks - 4/8 ;
--------+--------+--------+--------+--------+--------+--------+--------+--------+--------+--------+--------+--------+----------------------------------------
   BRAM |    DCM |   PMCD |     GT | ILOGIC | OLOGIC |   MULT |   EMAC |    PPC |   PCIE | IDLYCT | LUTRAM |     FF | <- (Types of Resources in this  Region)
   FIFO |        |        |        |        |        |        |        |        |        |        |        |        |
--------+--------+--------+--------+--------+--------+--------+--------+--------+--------+--------+--------+--------+----------------------------------------
      8 |      1 |      2 |      0 |     48 |     48 |      8 |      0 |      0 |      0 |      2 |    896 |   1792 | <- (Available Resources in this Region)
--------+--------+--------+--------+--------+--------+--------+--------+--------+--------+--------+--------+--------+----------------------------------------
        |        |        |        |        |        |        |        |        |        |        |        |        | <Global clock Net Name>
--------+--------+--------+--------+--------+--------+--------+--------+--------+--------+--------+--------+--------+----------------------------------------
      0 |      1 |      0 |      0 |      0 |      0 |      0 |      0 |      0 |      0 |      0 |      0 |      0 |FADC_DCLK
      2 |      0 |      0 |      0 |      1 |      0 |      0 |      0 |      0 |      0 |      0 |     84 |    391 |GTX_CLK_0_sig
      0 |      0 |      0 |      0 |      0 |      0 |      0 |      0 |      0 |      0 |      1 |      0 |      0 |XLXN_15064
      0 |      1 |      0 |      0 |      0 |      0 |      0 |      0 |      0 |      0 |      0 |      0 |      0 |XLXN_15130
--------+--------+--------+--------+--------+--------+--------+--------+--------+--------+--------+--------+--------+----------------------------------------
      2 |      2 |      0 |      0 |      1 |      0 |      0 |      0 |      0 |      0 |      1 |     84 |    391 | Total 
--------+--------+--------+--------+--------+--------+--------+--------+--------+--------+--------+--------+--------+----------------------------------------


Clock-Region: <CLOCKREGION_X1Y1> 
 key resource utilizations (used/available): global-clocks - 1/8 ;
--------+--------+--------+--------+--------+--------+--------+--------+--------+--------+--------+--------+--------+----------------------------------------
   BRAM |    DCM |   PMCD |     GT | ILOGIC | OLOGIC |   MULT |   EMAC |    PPC |   PCIE | IDLYCT | LUTRAM |     FF | <- (Types of Resources in this  Region)
   FIFO |        |        |        |        |        |        |        |        |        |        |        |        |
--------+--------+--------+--------+--------+--------+--------+--------+--------+--------+--------+--------+--------+----------------------------------------
     16 |      0 |      0 |      0 |     32 |     32 |      0 |      0 |      0 |      0 |      1 |    896 |   1792 | <- (Available Resources in this Region)
--------+--------+--------+--------+--------+--------+--------+--------+--------+--------+--------+--------+--------+----------------------------------------
        |        |        |        |        |        |        |        |        |        |        |        |        | <Global clock Net Name>
--------+--------+--------+--------+--------+--------+--------+--------+--------+--------+--------+--------+--------+----------------------------------------
      7 |      0 |      0 |      0 |      0 |      0 |      0 |      0 |      0 |      0 |      0 |     90 |    391 |GTX_CLK_0_sig
--------+--------+--------+--------+--------+--------+--------+--------+--------+--------+--------+--------+--------+----------------------------------------
      7 |      0 |      0 |      0 |      0 |      0 |      0 |      0 |      0 |      0 |      0 |     90 |    391 | Total 
--------+--------+--------+--------+--------+--------+--------+--------+--------+--------+--------+--------+--------+----------------------------------------


Clock-Region: <CLOCKREGION_X0Y2> 
 key resource utilizations (used/available): global-clocks - 1/8 ;
--------+--------+--------+--------+--------+--------+--------+--------+--------+--------+--------+--------+--------+----------------------------------------
   BRAM |    DCM |   PMCD |     GT | ILOGIC | OLOGIC |   MULT |   EMAC |    PPC |   PCIE | IDLYCT | LUTRAM |     FF | <- (Types of Resources in this  Region)
   FIFO |        |        |        |        |        |        |        |        |        |        |        |        |
--------+--------+--------+--------+--------+--------+--------+--------+--------+--------+--------+--------+--------+----------------------------------------
      8 |      0 |      0 |      0 |     48 |     48 |      8 |      0 |      0 |      0 |      2 |    896 |   1792 | <- (Available Resources in this Region)
--------+--------+--------+--------+--------+--------+--------+--------+--------+--------+--------+--------+--------+----------------------------------------
        |        |        |        |        |        |        |        |        |        |        |        |        | <Global clock Net Name>
--------+--------+--------+--------+--------+--------+--------+--------+--------+--------+--------+--------+--------+----------------------------------------
      0 |      0 |      0 |      0 |      0 |      0 |      0 |      0 |      0 |      0 |      0 |    108 |    334 |GTX_CLK_0_sig
--------+--------+--------+--------+--------+--------+--------+--------+--------+--------+--------+--------+--------+----------------------------------------
      0 |      0 |      0 |      0 |      0 |      0 |      0 |      0 |      0 |      0 |      0 |    108 |    334 | Total 
--------+--------+--------+--------+--------+--------+--------+--------+--------+--------+--------+--------+--------+----------------------------------------


Clock-Region: <CLOCKREGION_X1Y2> 
 key resource utilizations (used/available): global-clocks - 3/8 ;
--------+--------+--------+--------+--------+--------+--------+--------+--------+--------+--------+--------+--------+----------------------------------------
   BRAM |    DCM |   PMCD |     GT | ILOGIC | OLOGIC |   MULT |   EMAC |    PPC |   PCIE | IDLYCT | LUTRAM |     FF | <- (Types of Resources in this  Region)
   FIFO |        |        |        |        |        |        |        |        |        |        |        |        |
--------+--------+--------+--------+--------+--------+--------+--------+--------+--------+--------+--------+--------+----------------------------------------
     16 |      0 |      0 |      0 |     32 |     32 |      0 |      0 |      0 |      0 |      1 |    896 |   1792 | <- (Available Resources in this Region)
--------+--------+--------+--------+--------+--------+--------+--------+--------+--------+--------+--------+--------+----------------------------------------
        |        |        |        |        |        |        |        |        |        |        |        |        | <Global clock Net Name>
--------+--------+--------+--------+--------+--------+--------+--------+--------+--------+--------+--------+--------+----------------------------------------
      2 |      0 |      0 |      0 |      0 |      0 |      0 |      0 |      0 |      0 |      0 |      0 |      3 |FADC_DCLK
      8 |      0 |      0 |      0 |      0 |      0 |      0 |      0 |      0 |      0 |      0 |     64 |    478 |GTX_CLK_0_sig
      6 |      0 |      0 |      0 |      0 |      0 |      0 |      0 |      0 |      0 |      0 |     26 |      0 |icon_control0<0>
--------+--------+--------+--------+--------+--------+--------+--------+--------+--------+--------+--------+--------+----------------------------------------
     16 |      0 |      0 |      0 |      0 |      0 |      0 |      0 |      0 |      0 |      0 |     90 |    481 | Total 
--------+--------+--------+--------+--------+--------+--------+--------+--------+--------+--------+--------+--------+----------------------------------------


Clock-Region: <CLOCKREGION_X0Y3> 
 key resource utilizations (used/available): global-clocks - 2/8 ;
--------+--------+--------+--------+--------+--------+--------+--------+--------+--------+--------+--------+--------+----------------------------------------
   BRAM |    DCM |   PMCD |     GT | ILOGIC | OLOGIC |   MULT |   EMAC |    PPC |   PCIE | IDLYCT | LUTRAM |     FF | <- (Types of Resources in this  Region)
   FIFO |        |        |        |        |        |        |        |        |        |        |        |        |
--------+--------+--------+--------+--------+--------+--------+--------+--------+--------+--------+--------+--------+----------------------------------------
      8 |      0 |      0 |      0 |     48 |     48 |      8 |      0 |      0 |      0 |      2 |    896 |   1792 | <- (Available Resources in this Region)
--------+--------+--------+--------+--------+--------+--------+--------+--------+--------+--------+--------+--------+----------------------------------------
        |        |        |        |        |        |        |        |        |        |        |        |        | <Global clock Net Name>
--------+--------+--------+--------+--------+--------+--------+--------+--------+--------+--------+--------+--------+----------------------------------------
      0 |      0 |      0 |      0 |      0 |      0 |      0 |      0 |      0 |      0 |      0 |     22 |    162 |GTX_CLK_0_sig
      0 |      0 |      0 |      0 |      0 |      0 |      0 |      0 |      0 |      0 |      0 |      0 |      9 |icon_control0<0>
--------+--------+--------+--------+--------+--------+--------+--------+--------+--------+--------+--------+--------+----------------------------------------
      0 |      0 |      0 |      0 |      0 |      0 |      0 |      0 |      0 |      0 |      0 |     22 |    171 | Total 
--------+--------+--------+--------+--------+--------+--------+--------+--------+--------+--------+--------+--------+----------------------------------------


Clock-Region: <CLOCKREGION_X1Y3> 
 key resource utilizations (used/available): global-clocks - 3/8 ;
--------+--------+--------+--------+--------+--------+--------+--------+--------+--------+--------+--------+--------+----------------------------------------
   BRAM |    DCM |   PMCD |     GT | ILOGIC | OLOGIC |   MULT |   EMAC |    PPC |   PCIE | IDLYCT | LUTRAM |     FF | <- (Types of Resources in this  Region)
   FIFO |        |        |        |        |        |        |        |        |        |        |        |        |
--------+--------+--------+--------+--------+--------+--------+--------+--------+--------+--------+--------+--------+----------------------------------------
     16 |      0 |      0 |      0 |     32 |     32 |      0 |      0 |      0 |      0 |      1 |    896 |   1792 | <- (Available Resources in this Region)
--------+--------+--------+--------+--------+--------+--------+--------+--------+--------+--------+--------+--------+----------------------------------------
        |        |        |        |        |        |        |        |        |        |        |        |        | <Global clock Net Name>
--------+--------+--------+--------+--------+--------+--------+--------+--------+--------+--------+--------+--------+----------------------------------------
      0 |      0 |      0 |      0 |      0 |      0 |      0 |      0 |      0 |      0 |      0 |      0 |     24 |FADC_DCLK
      8 |      0 |      0 |      0 |      0 |      0 |      0 |      0 |      0 |      0 |      0 |     63 |    315 |GTX_CLK_0_sig
      8 |      0 |      0 |      0 |      0 |      0 |      0 |      0 |      0 |      0 |      0 |      0 |     17 |icon_control0<0>
--------+--------+--------+--------+--------+--------+--------+--------+--------+--------+--------+--------+--------+----------------------------------------
     16 |      0 |      0 |      0 |      0 |      0 |      0 |      0 |      0 |      0 |      0 |     63 |    356 | Total 
--------+--------+--------+--------+--------+--------+--------+--------+--------+--------+--------+--------+--------+----------------------------------------


Clock-Region: <CLOCKREGION_X0Y4> 
 key resource utilizations (used/available): global-clocks - 2/8 ;
--------+--------+--------+--------+--------+--------+--------+--------+--------+--------+--------+--------+--------+----------------------------------------
   BRAM |    DCM |   PMCD |     GT | ILOGIC | OLOGIC |   MULT |   EMAC |    PPC |   PCIE | IDLYCT | LUTRAM |     FF | <- (Types of Resources in this  Region)
   FIFO |        |        |        |        |        |        |        |        |        |        |        |        |
--------+--------+--------+--------+--------+--------+--------+--------+--------+--------+--------+--------+--------+----------------------------------------
      8 |      1 |      2 |      0 |     48 |     48 |      8 |      0 |      0 |      0 |      2 |    896 |   1792 | <- (Available Resources in this Region)
--------+--------+--------+--------+--------+--------+--------+--------+--------+--------+--------+--------+--------+----------------------------------------
        |        |        |        |        |        |        |        |        |        |        |        |        | <Global clock Net Name>
--------+--------+--------+--------+--------+--------+--------+--------+--------+--------+--------+--------+--------+----------------------------------------
      0 |      0 |      0 |      0 |      0 |      0 |      0 |      0 |      0 |      0 |      0 |      4 |    143 |GTX_CLK_0_sig
      0 |      0 |      0 |      0 |      0 |      0 |      0 |      0 |      0 |      0 |      0 |     18 |      3 |icon_control0<0>
--------+--------+--------+--------+--------+--------+--------+--------+--------+--------+--------+--------+--------+----------------------------------------
      0 |      0 |      0 |      0 |      0 |      0 |      0 |      0 |      0 |      0 |      0 |     22 |    146 | Total 
--------+--------+--------+--------+--------+--------+--------+--------+--------+--------+--------+--------+--------+----------------------------------------


Clock-Region: <CLOCKREGION_X1Y4> 
 key resource utilizations (used/available): global-clocks - 3/8 ;
--------+--------+--------+--------+--------+--------+--------+--------+--------+--------+--------+--------+--------+----------------------------------------
   BRAM |    DCM |   PMCD |     GT | ILOGIC | OLOGIC |   MULT |   EMAC |    PPC |   PCIE | IDLYCT | LUTRAM |     FF | <- (Types of Resources in this  Region)
   FIFO |        |        |        |        |        |        |        |        |        |        |        |        |
--------+--------+--------+--------+--------+--------+--------+--------+--------+--------+--------+--------+--------+----------------------------------------
     16 |      0 |      0 |      0 |     32 |     32 |      0 |      0 |      0 |      0 |      1 |    896 |   1792 | <- (Available Resources in this Region)
--------+--------+--------+--------+--------+--------+--------+--------+--------+--------+--------+--------+--------+----------------------------------------
        |        |        |        |        |        |        |        |        |        |        |        |        | <Global clock Net Name>
--------+--------+--------+--------+--------+--------+--------+--------+--------+--------+--------+--------+--------+----------------------------------------
      0 |      0 |      0 |      0 |      0 |      0 |      0 |      0 |      0 |      0 |      0 |      0 |     40 |FADC_DCLK
      4 |      0 |      0 |      0 |      0 |      0 |      0 |      0 |      0 |      0 |      0 |      9 |     78 |GTX_CLK_0_sig
      4 |      0 |      0 |      0 |      0 |      0 |      0 |      0 |      0 |      0 |      0 |      0 |     35 |icon_control0<0>
--------+--------+--------+--------+--------+--------+--------+--------+--------+--------+--------+--------+--------+----------------------------------------
      8 |      0 |      0 |      0 |      0 |      0 |      0 |      0 |      0 |      0 |      0 |      9 |    153 | Total 
--------+--------+--------+--------+--------+--------+--------+--------+--------+--------+--------+--------+--------+----------------------------------------


Clock-Region: <CLOCKREGION_X0Y5> 
 key resource utilizations (used/available): global-clocks - 5/8 ;
--------+--------+--------+--------+--------+--------+--------+--------+--------+--------+--------+--------+--------+----------------------------------------
   BRAM |    DCM |   PMCD |     GT | ILOGIC | OLOGIC |   MULT |   EMAC |    PPC |   PCIE | IDLYCT | LUTRAM |     FF | <- (Types of Resources in this  Region)
   FIFO |        |        |        |        |        |        |        |        |        |        |        |        |
--------+--------+--------+--------+--------+--------+--------+--------+--------+--------+--------+--------+--------+----------------------------------------
      8 |      4 |      0 |      0 |     32 |     32 |      8 |      0 |      0 |      0 |      1 |    896 |   1792 | <- (Available Resources in this Region)
--------+--------+--------+--------+--------+--------+--------+--------+--------+--------+--------+--------+--------+----------------------------------------
        |        |        |        |        |        |        |        |        |        |        |        |        | <Global clock Net Name>
--------+--------+--------+--------+--------+--------+--------+--------+--------+--------+--------+--------+--------+----------------------------------------
      0 |      2 |      0 |      0 |      0 |      0 |      0 |      0 |      0 |      0 |      0 |      0 |      0 |CLK_187_5
      0 |      0 |      0 |      0 |      0 |      0 |      0 |      0 |      0 |      0 |      0 |      4 |     48 |GTX_CLK_0_sig
      0 |      1 |      0 |      0 |      0 |      0 |      0 |      0 |      0 |      0 |      0 |      0 |      0 |XLXN_12672
      0 |      1 |      0 |      0 |      0 |      0 |      0 |      0 |      0 |      0 |      0 |      0 |      0 |XLXN_12923
      0 |      0 |      0 |      0 |      0 |      0 |      0 |      0 |      0 |      0 |      0 |     38 |     17 |icon_control0<0>
--------+--------+--------+--------+--------+--------+--------+--------+--------+--------+--------+--------+--------+----------------------------------------
      0 |      4 |      0 |      0 |      0 |      0 |      0 |      0 |      0 |      0 |      0 |     42 |     65 | Total 
--------+--------+--------+--------+--------+--------+--------+--------+--------+--------+--------+--------+--------+----------------------------------------


Clock-Region: <CLOCKREGION_X1Y5> 
 key resource utilizations (used/available): global-clocks - 2/8 ;
--------+--------+--------+--------+--------+--------+--------+--------+--------+--------+--------+--------+--------+----------------------------------------
   BRAM |    DCM |   PMCD |     GT | ILOGIC | OLOGIC |   MULT |   EMAC |    PPC |   PCIE | IDLYCT | LUTRAM |     FF | <- (Types of Resources in this  Region)
   FIFO |        |        |        |        |        |        |        |        |        |        |        |        |
--------+--------+--------+--------+--------+--------+--------+--------+--------+--------+--------+--------+--------+----------------------------------------
     16 |      0 |      0 |      0 |     32 |     32 |      0 |      0 |      0 |      0 |      1 |    896 |   1792 | <- (Available Resources in this Region)
--------+--------+--------+--------+--------+--------+--------+--------+--------+--------+--------+--------+--------+----------------------------------------
        |        |        |        |        |        |        |        |        |        |        |        |        | <Global clock Net Name>
--------+--------+--------+--------+--------+--------+--------+--------+--------+--------+--------+--------+--------+----------------------------------------
      0 |      0 |      0 |      0 |      0 |      0 |      0 |      0 |      0 |      0 |      0 |      0 |     22 |GTX_CLK_0_sig
      0 |      0 |      0 |      0 |      0 |      0 |      0 |      0 |      0 |      0 |      0 |     11 |      5 |icon_control0<0>
--------+--------+--------+--------+--------+--------+--------+--------+--------+--------+--------+--------+--------+----------------------------------------
      0 |      0 |      0 |      0 |      0 |      0 |      0 |      0 |      0 |      0 |      0 |     11 |     27 | Total 
--------+--------+--------+--------+--------+--------+--------+--------+--------+--------+--------+--------+--------+----------------------------------------

NOTE:
The above detailed report is the initial placement of the logic after the clock region assignment. The final placement
may be significantly different because of the various optimization steps which will follow. Specifically, logic blocks
maybe moved to adjacent clock-regions as long as the "number of clocks per region" constraint is not violated.


# END of Global Clock Net Loads Distribution Report:
######################################################################################


Phase 6.30  Global Clock Region Assignment (Checksum:8a0510d) REAL time: 29 secs 

Phase 7.3  Local Placement Optimization
Phase 7.3  Local Placement Optimization (Checksum:8a0510d) REAL time: 29 secs 

Phase 8.5  Local Placement Optimization
Phase 8.5  Local Placement Optimization (Checksum:8a0510d) REAL time: 29 secs 

Phase 9.8  Global Placement
................................
..............................................................................................................
............
................
..
..........
Phase 9.8  Global Placement (Checksum:e64bc159) REAL time: 38 secs 

Phase 10.5  Local Placement Optimization
Phase 10.5  Local Placement Optimization (Checksum:e64bc159) REAL time: 39 secs 

Phase 11.18  Placement Optimization
Phase 11.18  Placement Optimization (Checksum:95225e8d) REAL time: 50 secs 

Phase 12.5  Local Placement Optimization
Phase 12.5  Local Placement Optimization (Checksum:95225e8d) REAL time: 50 secs 

Phase 13.34  Placement Validation
Phase 13.34  Placement Validation (Checksum:95225e8d) REAL time: 50 secs 

Total REAL time to Placer completion: 50 secs 
Total CPU  time to Placer completion: 47 secs 
Running physical synthesis...

Physical synthesis completed.
Running post-placement packing...
WARNING:PhysDesignRules:372 - Gated clock. Clock net icon_control0<13> is sourced by a combinatorial pin. This is not
   good design practice. Use the CE pin to control the loading of data into the flip-flop.
WARNING:PhysDesignRules:367 - The signal
   <XLXI_6341/U0/xst_fifo_generator/gconvfifo.rf/grf.rf/gntv_or_sync_fifo.gl0.wr/gwhf.whf/overflow_i> is incomplete. The
   signal does not drive any load pins in the design.
WARNING:PhysDesignRules:367 - The signal <XLXI_6296/Q<0>> is incomplete. The signal does not drive any load pins in the
   design.
WARNING:PhysDesignRules:367 - The signal <XLXI_6296/Q<1>> is incomplete. The signal does not drive any load pins in the
   design.
WARNING:PhysDesignRules:367 - The signal <XLXI_6296/Q<3>> is incomplete. The signal does not drive any load pins in the
   design.
WARNING:PhysDesignRules:367 - The signal <XLXI_6296/Q<4>> is incomplete. The signal does not drive any load pins in the
   design.
WARNING:PhysDesignRules:367 - The signal <XLXI_6296/Q<5>> is incomplete. The signal does not drive any load pins in the
   design.
WARNING:PhysDesignRules:367 - The signal <XLXI_6296/Q<6>> is incomplete. The signal does not drive any load pins in the
   design.
WARNING:PhysDesignRules:367 - The signal <XLXI_6296/Q<7>> is incomplete. The signal does not drive any load pins in the
   design.
WARNING:PhysDesignRules:367 - The signal <XLXI_6296/Q<8>> is incomplete. The signal does not drive any load pins in the
   design.
WARNING:PhysDesignRules:367 - The signal <XLXI_6297/Q<0>> is incomplete. The signal does not drive any load pins in the
   design.
WARNING:PhysDesignRules:367 - The signal <XLXI_6297/Q<1>> is incomplete. The signal does not drive any load pins in the
   design.
WARNING:PhysDesignRules:367 - The signal <XLXI_6297/Q<3>> is incomplete. The signal does not drive any load pins in the
   design.
WARNING:PhysDesignRules:367 - The signal <XLXI_6297/Q<4>> is incomplete. The signal does not drive any load pins in the
   design.
WARNING:PhysDesignRules:367 - The signal <XLXI_6297/Q<6>> is incomplete. The signal does not drive any load pins in the
   design.
WARNING:PhysDesignRules:367 - The signal <XLXI_6297/Q<8>> is incomplete. The signal does not drive any load pins in the
   design.
WARNING:PhysDesignRules:367 - The signal <XLXI_6298/Q<1>> is incomplete. The signal does not drive any load pins in the
   design.
WARNING:PhysDesignRules:367 - The signal <XLXI_6298/Q<3>> is incomplete. The signal does not drive any load pins in the
   design.
WARNING:PhysDesignRules:367 - The signal <XLXI_6298/Q<4>> is incomplete. The signal does not drive any load pins in the
   design.
WARNING:PhysDesignRules:367 - The signal <XLXI_6298/Q<6>> is incomplete. The signal does not drive any load pins in the
   design.
WARNING:PhysDesignRules:367 - The signal <XLXI_6298/Q<7>> is incomplete. The signal does not drive any load pins in the
   design.
WARNING:PhysDesignRules:367 - The signal <XLXI_6298/Q<9>> is incomplete. The signal does not drive any load pins in the
   design.
WARNING:PhysDesignRules:367 - The signal <XLXI_6299/Q<2>> is incomplete. The signal does not drive any load pins in the
   design.
WARNING:PhysDesignRules:367 - The signal <XLXI_6299/Q<8>> is incomplete. The signal does not drive any load pins in the
   design.
WARNING:PhysDesignRules:367 - The signal <icon_control0<30>> is incomplete. The signal does not drive any load pins in
   the design.
WARNING:PhysDesignRules:367 - The signal <icon_control0<31>> is incomplete. The signal does not drive any load pins in
   the design.
WARNING:PhysDesignRules:367 - The signal <icon_control0<32>> is incomplete. The signal does not drive any load pins in
   the design.
WARNING:PhysDesignRules:367 - The signal
   <XLXI_6227/data_manager_blk/TX_CTRL_MAC_FIFO/U0/xst_fifo_generator/gconvfifo.rf/grf.rf/gntv_or_sync_fifo.gl0.wr/gwss.
   wsts/ram_full_i> is incomplete. The signal does not drive any load pins in the design.
WARNING:PhysDesignRules:367 - The signal <icon_control0<18>> is incomplete. The signal does not drive any load pins in
   the design.
WARNING:PhysDesignRules:367 - The signal <XLXI_6051/Q<12>> is incomplete. The signal does not drive any load pins in the
   design.
WARNING:PhysDesignRules:367 - The signal <XLXI_6051/Q<13>> is incomplete. The signal does not drive any load pins in the
   design.
WARNING:PhysDesignRules:367 - The signal <icon_control0<35>> is incomplete. The signal does not drive any load pins in
   the design.
WARNING:PhysDesignRules:367 - The signal <XLXI_6296/Q<12>> is incomplete. The signal does not drive any load pins in the
   design.
WARNING:PhysDesignRules:367 - The signal <XLXI_6296/Q<14>> is incomplete. The signal does not drive any load pins in the
   design.
WARNING:PhysDesignRules:367 - The signal <icon_control0<21>> is incomplete. The signal does not drive any load pins in
   the design.
WARNING:PhysDesignRules:367 - The signal <XLXI_6297/Q<12>> is incomplete. The signal does not drive any load pins in the
   design.
WARNING:PhysDesignRules:367 - The signal <XLXI_6297/Q<15>> is incomplete. The signal does not drive any load pins in the
   design.
WARNING:PhysDesignRules:367 - The signal <XLXI_6298/Q<12>> is incomplete. The signal does not drive any load pins in the
   design.
WARNING:PhysDesignRules:367 - The signal <XLXI_6298/Q<15>> is incomplete. The signal does not drive any load pins in the
   design.
WARNING:PhysDesignRules:367 - The signal <icon_control0<22>> is incomplete. The signal does not drive any load pins in
   the design.
WARNING:PhysDesignRules:367 - The signal <XLXI_6299/Q<12>> is incomplete. The signal does not drive any load pins in the
   design.
WARNING:PhysDesignRules:367 - The signal <XLXI_6299/Q<15>> is incomplete. The signal does not drive any load pins in the
   design.
WARNING:PhysDesignRules:367 - The signal <icon_control0<7>> is incomplete. The signal does not drive any load pins in
   the design.
WARNING:PhysDesignRules:367 - The signal <icon_control0<24>> is incomplete. The signal does not drive any load pins in
   the design.
WARNING:PhysDesignRules:367 - The signal <icon_control0<25>> is incomplete. The signal does not drive any load pins in
   the design.
WARNING:PhysDesignRules:367 - The signal <icon_control0<26>> is incomplete. The signal does not drive any load pins in
   the design.
WARNING:PhysDesignRules:367 - The signal <icon_control0<27>> is incomplete. The signal does not drive any load pins in
   the design.
WARNING:PhysDesignRules:367 - The signal <icon_control0<28>> is incomplete. The signal does not drive any load pins in
   the design.
WARNING:PhysDesignRules:367 - The signal <icon_control0<29>> is incomplete. The signal does not drive any load pins in
   the design.
WARNING:PhysDesignRules:367 - The signal <XLXI_6004/O> is incomplete. The signal does not drive any load pins in the
   design.
WARNING:PhysDesignRules:367 - The signal
   <XLXI_6341/U0/xst_fifo_generator/gconvfifo.rf/grf.rf/gntv_or_sync_fifo.gl0.rd/grhf.rhf/ram_valid_d1> is incomplete.
   The signal does not drive any load pins in the design.
WARNING:PhysDesignRules:367 - The signal
   <XLXI_6341/U0/xst_fifo_generator/gconvfifo.rf/grf.rf/gntv_or_sync_fifo.gcx.clkx/gsync_stage[2].rd_stg_inst/Q_reg<0>>
   is incomplete. The signal does not drive any load pins in the design.
WARNING:PhysDesignRules:367 - The signal
   <XLXI_6341/U0/xst_fifo_generator/gconvfifo.rf/grf.rf/gntv_or_sync_fifo.gcx.clkx/gsync_stage[2].rd_stg_inst/Q_reg<1>>
   is incomplete. The signal does not drive any load pins in the design.
WARNING:PhysDesignRules:367 - The signal <XLXI_6227/data_manager_blk/rx_info_fifo_rd_data<6>> is incomplete. The signal
   does not drive any load pins in the design.
WARNING:PhysDesignRules:367 - The signal <XLXI_6227/data_manager_blk/rx_info_fifo_rd_data<5>> is incomplete. The signal
   does not drive any load pins in the design.
WARNING:PhysDesignRules:367 - The signal <XLXI_6227/data_manager_blk/rx_info_fifo_rd_data<4>> is incomplete. The signal
   does not drive any load pins in the design.
WARNING:PhysDesignRules:367 - The signal <XLXI_3432/D15> is incomplete. The signal does not drive any load pins in the
   design.
WARNING:PhysDesignRules:367 - The signal <XLXI_3432/D7> is incomplete. The signal does not drive any load pins in the
   design.
WARNING:PhysDesignRules:367 - The signal <XLXI_3432/D9> is incomplete. The signal does not drive any load pins in the
   design.
WARNING:PhysDesignRules:367 - The signal <XLXI_3432/D10> is incomplete. The signal does not drive any load pins in the
   design.
WARNING:PhysDesignRules:367 - The signal <XLXI_3432/D12> is incomplete. The signal does not drive any load pins in the
   design.
WARNING:PhysDesignRules:367 - The signal <XLXI_3432/D13> is incomplete. The signal does not drive any load pins in the
   design.
WARNING:PhysDesignRules:367 - The signal <XLXI_6227/data_manager_blk/tx_ctrl_info_fifo_full> is incomplete. The signal
   does not drive any load pins in the design.
WARNING:PhysDesignRules:367 - The signal
   <XLXI_6227/data_manager_blk/TX_CTRL_MAC_FIFO/U0/xst_fifo_generator/gconvfifo.rf/grf.rf/gntv_or_sync_fifo.gl0.rd/grss.
   rsts/ram_empty_i> is incomplete. The signal does not drive any load pins in the design.
WARNING:PhysDesignRules:367 - The signal
   <XLXI_6227/data_manager_blk/TX_CTRL_ADDR_FIFO/U0/xst_fifo_generator/gconvfifo.rf/grf.rf/gntv_or_sync_fifo.gl0.rd/grss
   .rsts/ram_empty_i> is incomplete. The signal does not drive any load pins in the design.
WARNING:PhysDesignRules:367 - The signal
   <XLXI_6227/data_manager_blk/RX_SRC_MAC_FIFO/U0/xst_fifo_generator/gconvfifo.rf/grf.rf/gntv_or_sync_fifo.gl0.rd/grss.r
   sts/ram_empty_i> is incomplete. The signal does not drive any load pins in the design.
WARNING:PhysDesignRules:367 - The signal
   <XLXI_6227/data_manager_blk/RX_SRC_ADDR_FIFO/U0/xst_fifo_generator/gconvfifo.rf/grf.rf/gntv_or_sync_fifo.gl0.rd/grss.
   rsts/ram_empty_i> is incomplete. The signal does not drive any load pins in the design.
WARNING:PhysDesignRules:367 - The signal <XLXI_6227/data_manager_blk/TX_CTRL_FIFO/empty> is incomplete. The signal does
   not drive any load pins in the design.
WARNING:PhysDesignRules:367 - The signal <XLXI_6227/data_manager_blk/tx_data_fifo_empty> is incomplete. The signal does
   not drive any load pins in the design.
WARNING:PhysDesignRules:367 - The signal <XLXI_6227/data_manager_blk/RX_DATA_FIFO/empty> is incomplete. The signal does
   not drive any load pins in the design.
WARNING:PhysDesignRules:367 - The signal
   <XLXI_6248/U0/xst_fifo_generator/gconvfifo.rf/grf.rf/gntv_or_sync_fifo.gl0.wr/gwas.wsts/ram_full_i> is incomplete.
   The signal does not drive any load pins in the design.
WARNING:PhysDesignRules:367 - The signal
   <XLXI_6341/U0/xst_fifo_generator/gconvfifo.rf/grf.rf/gntv_or_sync_fifo.gl0.wr/gwas.wsts/ram_full_i> is incomplete.
   The signal does not drive any load pins in the design.
WARNING:PhysDesignRules:367 - The signal
   <XLXI_6227/data_manager_blk/TX_CTRL_ADDR_FIFO/U0/xst_fifo_generator/gconvfifo.rf/grf.rf/gntv_or_sync_fifo.gl0.wr/gwss
   .wsts/ram_full_i> is incomplete. The signal does not drive any load pins in the design.
WARNING:PhysDesignRules:367 - The signal
   <XLXI_6227/data_manager_blk/RX_SRC_ADDR_FIFO/U0/xst_fifo_generator/gconvfifo.rf/grf.rf/gntv_or_sync_fifo.gl0.wr/gwss.
   wsts/ram_full_i> is incomplete. The signal does not drive any load pins in the design.
WARNING:PhysDesignRules:367 - The signal <icon_control0<11>> is incomplete. The signal does not drive any load pins in
   the design.
WARNING:PhysDesignRules:367 - The signal <icon_control0<10>> is incomplete. The signal does not drive any load pins in
   the design.
WARNING:PhysDesignRules:367 - The signal <icon_control0<23>> is incomplete. The signal does not drive any load pins in
   the design.
WARNING:PhysDesignRules:367 - The signal <icon_control0<15>> is incomplete. The signal does not drive any load pins in
   the design.
WARNING:PhysDesignRules:367 - The signal <icon_control0<17>> is incomplete. The signal does not drive any load pins in
   the design.
WARNING:PhysDesignRules:367 - The signal <icon_control0<34>> is incomplete. The signal does not drive any load pins in
   the design.
WARNING:PhysDesignRules:367 - The signal <icon_control0<16>> is incomplete. The signal does not drive any load pins in
   the design.
WARNING:PhysDesignRules:367 - The signal <icon_control0<33>> is incomplete. The signal does not drive any load pins in
   the design.
WARNING:PhysDesignRules:367 - The signal <XLXI_6299/Q<6>> is incomplete. The signal does not drive any load pins in the
   design.
WARNING:PhysDesignRules:367 - The signal <XLXI_6299/Q<7>> is incomplete. The signal does not drive any load pins in the
   design.
WARNING:PhysDesignRules:367 - The signal <XLXI_6299/Q<13>> is incomplete. The signal does not drive any load pins in the
   design.
WARNING:PhysDesignRules:367 - The signal <XLXI_6299/Q<14>> is incomplete. The signal does not drive any load pins in the
   design.
WARNING:PhysDesignRules:367 - The signal <XLXI_6299/Q<9>> is incomplete. The signal does not drive any load pins in the
   design.
WARNING:PhysDesignRules:367 - The signal <XLXI_6299/Q<10>> is incomplete. The signal does not drive any load pins in the
   design.
WARNING:PhysDesignRules:367 - The signal <XLXI_6297/Q<9>> is incomplete. The signal does not drive any load pins in the
   design.
WARNING:PhysDesignRules:367 - The signal <XLXI_6298/Q<0>> is incomplete. The signal does not drive any load pins in the
   design.
WARNING:PhysDesignRules:367 - The signal <XLXI_3432/D11> is incomplete. The signal does not drive any load pins in the
   design.
WARNING:PhysDesignRules:367 - The signal <XLXI_6298/Q<5>> is incomplete. The signal does not drive any load pins in the
   design.
WARNING:PhysDesignRules:367 - The signal <XLXI_6298/Q<11>> is incomplete. The signal does not drive any load pins in the
   design.
WARNING:PhysDesignRules:367 - The signal <XLXI_6296/Q<11>> is incomplete. The signal does not drive any load pins in the
   design.
WARNING:PhysDesignRules:367 - The signal <XLXI_6297/Q<11>> is incomplete. The signal does not drive any load pins in the
   design.
WARNING:PhysDesignRules:367 - The signal <XLXI_6298/Q<13>> is incomplete. The signal does not drive any load pins in the
   design.
WARNING:PhysDesignRules:367 - The signal <XLXI_6298/Q<14>> is incomplete. The signal does not drive any load pins in the
   design.
WARNING:PhysDesignRules:367 - The signal <XLXI_6299/Q<3>> is incomplete. The signal does not drive any load pins in the
   design.
WARNING:PhysDesignRules:367 - The signal <XLXI_6299/Q<0>> is incomplete. The signal does not drive any load pins in the
   design.
WARNING:PhysDesignRules:367 - The signal <XLXI_6299/Q<1>> is incomplete. The signal does not drive any load pins in the
   design.
WARNING:PhysDesignRules:367 - The signal <XLXI_6299/Q<4>> is incomplete. The signal does not drive any load pins in the
   design.
WARNING:PhysDesignRules:367 - The signal <XLXI_6299/Q<5>> is incomplete. The signal does not drive any load pins in the
   design.
WARNING:PhysDesignRules:367 - The signal <XLXI_6296/Q<10>> is incomplete. The signal does not drive any load pins in the
   design.
WARNING:PhysDesignRules:367 - The signal <XLXI_6297/Q<10>> is incomplete. The signal does not drive any load pins in the
   design.
WARNING:PhysDesignRules:367 - The signal <XLXI_6296/Q<2>> is incomplete. The signal does not drive any load pins in the
   design.
WARNING:PhysDesignRules:367 - The signal <XLXI_6297/Q<13>> is incomplete. The signal does not drive any load pins in the
   design.
WARNING:PhysDesignRules:367 - The signal <XLXI_3432/D14> is incomplete. The signal does not drive any load pins in the
   design.
WARNING:PhysDesignRules:367 - The signal <XLXI_6296/Q<9>> is incomplete. The signal does not drive any load pins in the
   design.
WARNING:PhysDesignRules:367 - The signal <XLXI_6299/Q<11>> is incomplete. The signal does not drive any load pins in the
   design.
WARNING:PhysDesignRules:367 - The signal
   <XLXI_6227/data_manager_blk/RX_SRC_MAC_FIFO/U0/xst_fifo_generator/gconvfifo.rf/grf.rf/gntv_or_sync_fifo.gl0.wr/gwss.w
   sts/ram_full_i> is incomplete. The signal does not drive any load pins in the design.
WARNING:PhysDesignRules:367 - The signal <XLXI_6297/Q<14>> is incomplete. The signal does not drive any load pins in the
   design.
WARNING:PhysDesignRules:367 - The signal <XLXI_6297/Q<5>> is incomplete. The signal does not drive any load pins in the
   design.
WARNING:PhysDesignRules:367 - The signal <XLXI_6296/Q<15>> is incomplete. The signal does not drive any load pins in the
   design.
WARNING:PhysDesignRules:367 - The signal <XLXI_6297/Q<7>> is incomplete. The signal does not drive any load pins in the
   design.
WARNING:PhysDesignRules:367 - The signal <XLXI_6296/Q<13>> is incomplete. The signal does not drive any load pins in the
   design.
WARNING:PhysDesignRules:367 - The signal <XLXI_6298/Q<10>> is incomplete. The signal does not drive any load pins in the
   design.
WARNING:PhysDesignRules:367 - The signal
   <XLXI_6248/U0/xst_fifo_generator/gconvfifo.rf/grf.rf/gntv_or_sync_fifo.gl0.rd/grhf.rhf/ram_valid_i> is incomplete.
   The signal does not drive any load pins in the design.
WARNING:PhysDesignRules:367 - The signal <XLXI_6298/Q<8>> is incomplete. The signal does not drive any load pins in the
   design.
WARNING:PhysDesignRules:367 - The signal <XLXI_6297/Q<2>> is incomplete. The signal does not drive any load pins in the
   design.
WARNING:PhysDesignRules:367 - The signal <XLXI_6298/Q<2>> is incomplete. The signal does not drive any load pins in the
   design.
WARNING:PhysDesignRules:367 - The signal <XLXI_6227/data_manager_blk/TX_CTRL_FIFO/full> is incomplete. The signal does
   not drive any load pins in the design.

Design Summary
--------------

Design Summary:
Number of errors:      0
Number of warnings:  123
Logic Utilization:
  Total Number Slice Registers:       3,210 out of  21,504   14%
    Number used as Flip Flops:        3,209
    Number used as Latches:               1
  Number of 4 input LUTs:             5,150 out of  21,504   23%
Logic Distribution:
  Number of occupied Slices:          4,028 out of  10,752   37%
    Number of Slices containing only related logic:   4,028 out of   4,028 100%
    Number of Slices containing unrelated logic:          0 out of   4,028   0%
      *See NOTES below for an explanation of the effects of unrelated logic.
  Total Number of 4 input LUTs:       5,439 out of  21,504   25%
    Number used as logic:             4,467
    Number used as a route-thru:        289
    Number used for Dual Port RAMs:     384
      (Two LUTs used per Dual Port RAM)
    Number used as Shift registers:     299

  The Slice Logic Distribution report is not meaningful if the design is
  over-mapped for a non-slice resource or if Placement fails.
  Number of bonded LOWCAPIOBs              2 out of     112    1%
  Number of bonded IOBs:                 79 out of     448   17%
  Number of BUFG/BUFGCTRLs:              11 out of      32   34%
    Number used as BUFGs:                11
  Number of FIFO16/RAMB16s:              33 out of      72   45%
    Number used as RAMB16s:              33
  Number of DCM_ADVs:                     5 out of       8   62%
  Number of BSCAN_VIRTEX4s:               1 out of       4   25%
  Number of IDELAYCTRLs:                  1 out of      16    6%

  Number of RPM macros:           12
Average Fanout of Non-Clock Nets:                3.40

Peak Memory Usage:  613 MB
Total REAL time to MAP completion:  56 secs 
Total CPU time to MAP completion:   52 secs 

Mapping completed.
See MAP report file "TOP_LEVEL_map.mrp" for details.
