--------------------------------------------------------------------------------
Release 14.7 Trace  (nt64)
Copyright (c) 1995-2013 Xilinx, Inc.  All rights reserved.

C:\Xilinx\14.7\ISE_DS\ISE\bin\nt64\unwrapped\trce.exe -intstyle ise -e 3 -s 10
-n 3 -fastpaths -xml TOP_LEVEL.twx TOP_LEVEL.ncd -o TOP_LEVEL.twr TOP_LEVEL.pcf
-ucf TOP_LEVEL.ucf

Design file:              TOP_LEVEL.ncd
Physical constraint file: TOP_LEVEL.pcf
Device,package,speed:     xc4vlx25,ff668,-10 (PRODUCTION 1.71 2013-10-13, STEPPING level 1)
Report level:             error report

Environment Variable      Effect 
--------------------      ------ 
NONE                      No environment variables were set
--------------------------------------------------------------------------------

INFO:Timing:3412 - To improve timing, see the Timing Closure User Guide (UG612).
INFO:Timing:2752 - To get complete path coverage, use the unconstrained paths 
   option. All paths that are not constrained will be reported in the 
   unconstrained paths section(s) of the report.
INFO:Timing:3339 - The clock-to-out numbers in this timing report are based on 
   a 50 Ohm transmission line loading model.  For the details of this model, 
   and for more information on accounting for different loading conditions, 
   please see the device datasheet.

================================================================================
Timing constraint: PATH "TS_D2_TO_T2_ila_pro_0_path" TIG;

 3 paths analyzed, 3 endpoints analyzed, 0 failing endpoints
 0 timing errors detected. (0 setup errors, 0 hold errors)
--------------------------------------------------------------------------------

================================================================================
Timing constraint: PATH "TS_J2_TO_D2_ila_pro_0_path" TIG;

 0 paths analyzed, 0 endpoints analyzed, 0 failing endpoints
 0 timing errors detected.
--------------------------------------------------------------------------------

================================================================================
Timing constraint: PATH "TS_J3_TO_D2_ila_pro_0_path" TIG;

 0 paths analyzed, 0 endpoints analyzed, 0 failing endpoints
 0 timing errors detected.
--------------------------------------------------------------------------------

================================================================================
Timing constraint: PATH "TS_J4_TO_D2_ila_pro_0_path" TIG;

 11 paths analyzed, 1 endpoint analyzed, 0 failing endpoints
 0 timing errors detected. (0 setup errors, 0 hold errors)
--------------------------------------------------------------------------------

================================================================================
Timing constraint: TS_J_CLK = PERIOD TIMEGRP "J_CLK" 30 ns HIGH 50%;
For more information, see Period Analysis in the Timing Closure User Guide (UG612).

 3334 paths analyzed, 649 endpoints analyzed, 0 failing endpoints
 0 timing errors detected. (0 setup errors, 0 hold errors, 0 component switching limit errors)
 Minimum period is   9.825ns.
--------------------------------------------------------------------------------

================================================================================
Timing constraint: TS_U_TO_J = MAXDELAY FROM TIMEGRP "U_CLK" TO TIMEGRP "J_CLK" 
15 ns;
For more information, see From:To (Multicycle) Analysis in the Timing Closure User Guide (UG612).

 18 paths analyzed, 18 endpoints analyzed, 0 failing endpoints
 0 timing errors detected. (0 setup errors, 0 hold errors)
 Maximum delay is   3.289ns.
--------------------------------------------------------------------------------

================================================================================
Timing constraint: TS_U_TO_U = MAXDELAY FROM TIMEGRP "U_CLK" TO TIMEGRP "U_CLK" 
15 ns;
For more information, see From:To (Multicycle) Analysis in the Timing Closure User Guide (UG612).

 1 path analyzed, 1 endpoint analyzed, 0 failing endpoints
 0 timing errors detected. (0 setup errors, 0 hold errors)
 Maximum delay is   0.949ns.
--------------------------------------------------------------------------------

================================================================================
Timing constraint: PATH "TS_J_TO_D_path" TIG;

 216 paths analyzed, 82 endpoints analyzed, 0 failing endpoints
 0 timing errors detected. (0 setup errors, 0 hold errors)
--------------------------------------------------------------------------------

================================================================================
Timing constraint: PATH "TS_D_TO_J_path" TIG;

 520 paths analyzed, 503 endpoints analyzed, 0 failing endpoints
 0 timing errors detected. (0 setup errors, 0 hold errors)
--------------------------------------------------------------------------------

================================================================================
Timing constraint: TS_GEL_RXCLK = PERIOD TIMEGRP "GEL_RXCLK" 8 ns HIGH 50%;
For more information, see Period Analysis in the Timing Closure User Guide (UG612).

 137002 paths analyzed, 11869 endpoints analyzed, 0 failing endpoints
 0 timing errors detected. (0 setup errors, 0 hold errors, 0 component switching limit errors)
 Minimum period is   7.855ns.
--------------------------------------------------------------------------------

================================================================================
Timing constraint: TS_SECONDARY_CLK = PERIOD TIMEGRP "SECONDARY_CLK" 200 ns 
HIGH 50%;
For more information, see Period Analysis in the Timing Closure User Guide (UG612).

 615 paths analyzed, 71 endpoints analyzed, 0 failing endpoints
 0 timing errors detected. (0 setup errors, 0 hold errors, 0 component switching limit errors)
 Minimum period is   6.655ns.
--------------------------------------------------------------------------------

================================================================================
Timing constraint: TS_BUSBHS_02DN_05S = PERIOD TIMEGRP "BUSBHS_02DN_05S" 5 ns 
HIGH 50%;
For more information, see Period Analysis in the Timing Closure User Guide (UG612).

 0 paths analyzed, 0 endpoints analyzed, 0 failing endpoints
 0 timing errors detected. (0 component switching limit errors)
 Minimum period is   3.600ns.
--------------------------------------------------------------------------------

================================================================================
Timing constraint: TS_BUSBHS_02DP_04S = PERIOD TIMEGRP "BUSBHS_02DP_04S" 5 ns 
HIGH 50%;
For more information, see Period Analysis in the Timing Closure User Guide (UG612).

 0 paths analyzed, 0 endpoints analyzed, 0 failing endpoints
 0 timing errors detected. (0 component switching limit errors)
 Minimum period is   3.600ns.
--------------------------------------------------------------------------------

================================================================================
Timing constraint: TS_XLXN_12257 = PERIOD TIMEGRP "XLXN_12257" TS_GEL_RXCLK / 
1.6 HIGH 50%;
For more information, see Period Analysis in the Timing Closure User Guide (UG612).

 0 paths analyzed, 0 endpoints analyzed, 0 failing endpoints
 0 timing errors detected. (0 component switching limit errors)
--------------------------------------------------------------------------------

================================================================================
Timing constraint: TS_XLXN_12669 = PERIOD TIMEGRP "XLXN_12669" TS_GEL_RXCLK / 
1.5 HIGH 50%;
For more information, see Period Analysis in the Timing Closure User Guide (UG612).

 0 paths analyzed, 0 endpoints analyzed, 0 failing endpoints
 0 timing errors detected. (0 component switching limit errors)
 Minimum period is   4.000ns.
--------------------------------------------------------------------------------

================================================================================
Timing constraint: TS_XLXN_15087 = PERIOD TIMEGRP "XLXN_15087" 
TS_BUSBHS_02DN_05S HIGH 50%;
For more information, see Period Analysis in the Timing Closure User Guide (UG612).

 0 paths analyzed, 0 endpoints analyzed, 0 failing endpoints
 0 timing errors detected. (0 component switching limit errors)
 Minimum period is   2.500ns.
--------------------------------------------------------------------------------

================================================================================
Timing constraint: TS_XLXN_15087_0 = PERIOD TIMEGRP "XLXN_15087_0" 
TS_BUSBHS_02DP_04S HIGH 50%;
For more information, see Period Analysis in the Timing Closure User Guide (UG612).

 273 paths analyzed, 158 endpoints analyzed, 0 failing endpoints
 0 timing errors detected. (0 setup errors, 0 hold errors, 0 component switching limit errors)
 Minimum period is   4.083ns.
--------------------------------------------------------------------------------


Derived Constraint Report
Derived Constraints for TS_GEL_RXCLK
+-------------------------------+-------------+-------------+-------------+-------------+-------------+-------------+-------------+
|                               |   Period    |       Actual Period       |      Timing Errors        |      Paths Analyzed       |
|           Constraint          | Requirement |-------------+-------------|-------------+-------------|-------------+-------------|
|                               |             |   Direct    | Derivative  |   Direct    | Derivative  |   Direct    | Derivative  |
+-------------------------------+-------------+-------------+-------------+-------------+-------------+-------------+-------------+
|TS_GEL_RXCLK                   |      8.000ns|      7.855ns|      6.000ns|            0|            0|       137002|            0|
| TS_XLXN_12257                 |      5.000ns|          N/A|          N/A|            0|            0|            0|            0|
| TS_XLXN_12669                 |      5.333ns|      4.000ns|          N/A|            0|            0|            0|            0|
+-------------------------------+-------------+-------------+-------------+-------------+-------------+-------------+-------------+

Derived Constraints for TS_BUSBHS_02DN_05S
+-------------------------------+-------------+-------------+-------------+-------------+-------------+-------------+-------------+
|                               |   Period    |       Actual Period       |      Timing Errors        |      Paths Analyzed       |
|           Constraint          | Requirement |-------------+-------------|-------------+-------------|-------------+-------------|
|                               |             |   Direct    | Derivative  |   Direct    | Derivative  |   Direct    | Derivative  |
+-------------------------------+-------------+-------------+-------------+-------------+-------------+-------------+-------------+
|TS_BUSBHS_02DN_05S             |      5.000ns|      3.600ns|      2.500ns|            0|            0|            0|            0|
| TS_XLXN_15087                 |      5.000ns|      2.500ns|          N/A|            0|            0|            0|            0|
+-------------------------------+-------------+-------------+-------------+-------------+-------------+-------------+-------------+

Derived Constraints for TS_BUSBHS_02DP_04S
+-------------------------------+-------------+-------------+-------------+-------------+-------------+-------------+-------------+
|                               |   Period    |       Actual Period       |      Timing Errors        |      Paths Analyzed       |
|           Constraint          | Requirement |-------------+-------------|-------------+-------------|-------------+-------------|
|                               |             |   Direct    | Derivative  |   Direct    | Derivative  |   Direct    | Derivative  |
+-------------------------------+-------------+-------------+-------------+-------------+-------------+-------------+-------------+
|TS_BUSBHS_02DP_04S             |      5.000ns|      3.600ns|      4.083ns|            0|            0|            0|          273|
| TS_XLXN_15087_0               |      5.000ns|      4.083ns|          N/A|            0|            0|          273|            0|
+-------------------------------+-------------+-------------+-------------+-------------+-------------+-------------+-------------+

All constraints were met.


Data Sheet report:
-----------------
All values displayed in nanoseconds (ns)

Clock to Setup on destination clock BUSBHS_02DN_05S
---------------+---------+---------+---------+---------+
               | Src:Rise| Src:Fall| Src:Rise| Src:Fall|
Source Clock   |Dest:Rise|Dest:Rise|Dest:Fall|Dest:Fall|
---------------+---------+---------+---------+---------+
BUSBHS_02DN_05S|    4.083|         |         |         |
BUSBHS_02DP_04S|    4.083|         |         |         |
---------------+---------+---------+---------+---------+

Clock to Setup on destination clock BUSBHS_02DP_04S
---------------+---------+---------+---------+---------+
               | Src:Rise| Src:Fall| Src:Rise| Src:Fall|
Source Clock   |Dest:Rise|Dest:Rise|Dest:Fall|Dest:Fall|
---------------+---------+---------+---------+---------+
BUSBHS_02DN_05S|    4.083|         |         |         |
BUSBHS_02DP_04S|    4.083|         |         |         |
---------------+---------+---------+---------+---------+

Clock to Setup on destination clock GEL_RXCLK
---------------+---------+---------+---------+---------+
               | Src:Rise| Src:Fall| Src:Rise| Src:Fall|
Source Clock   |Dest:Rise|Dest:Rise|Dest:Fall|Dest:Fall|
---------------+---------+---------+---------+---------+
GEL_RXCLK      |    7.855|         |         |         |
---------------+---------+---------+---------+---------+

Clock to Setup on destination clock SECONDARY_CLK
---------------+---------+---------+---------+---------+
               | Src:Rise| Src:Fall| Src:Rise| Src:Fall|
Source Clock   |Dest:Rise|Dest:Rise|Dest:Fall|Dest:Fall|
---------------+---------+---------+---------+---------+
SECONDARY_CLK  |    6.655|         |         |         |
---------------+---------+---------+---------+---------+


Timing summary:
---------------

Timing errors: 0  Score: 0  (Setup/Max: 0, Hold: 0)

Constraints cover 141993 paths, 0 nets, and 25715 connections

Design statistics:
   Minimum period:   9.825ns   (Maximum frequency: 101.781MHz)
   Maximum path delay from/to any node:   3.289ns


Analysis completed Fri Mar 10 17:03:18 2017 
--------------------------------------------------------------------------------

Trace Settings:
-------------------------
Trace Settings 

Peak Memory Usage: 375 MB



